# Test data: ../data/facebook.txt
# Parameters: L = 450, beta = 0.2, gamma = 2, nruns = 10, re-insertion = True
# Best result: 5, duration = 4.7030910390021745 # avg: 5.0, avg duration = 3.7903741091005942
# run No., objective function value, duration
0,5,4.7030910390021745
1,5,4.368017288001283
2,5,3.935955324999668
3,5,3.5168600550023257
4,5,3.6077277939984924
5,5,3.6382143610026105
6,5,3.6452064820005035
7,5,3.5491062629989756
8,5,3.4986975290012197
9,5,3.4408649549986876
