# Test data: ../data/humanDiseasome.txt
# Parameters: L = 10, beta = 0.2, gamma = 2, nruns = 10, re-insertion = True
# Best result: 1, duration = 1.267753760999767 # avg: 1.0, avg duration = 0.8758660948002216
# run No., objective function value, duration
0,1,1.267753760999767
1,1,0.5371099299991329
2,1,0.8400166339997668
3,1,0.8259093619999476
4,1,1.0828836079999746
5,1,1.162483913001779
6,1,0.6983725099998992
7,1,0.3824029770003108
8,1,1.319657129002735
9,1,0.6420711239989032
