1 1.0 1.267753760999767
154 157.1 1.9923902800001088
256 257.6 1.572364567000477
5 5.0 4.7030910390021745
55 55.0 0.6312060489981377
132 132.0 6.018900651000877
215 215.0 5.054397038002207
282 282.0 11.555774370001018
249 249.0 0.18100476099789375
146 146.0 4.685808328998974
230 230.0 4.025397426001291
404 404.0 10.088705245998426
50 50.0 0.2307263030015747
131 131.0 4.96604209400175
222 222.0 4.140151468000113
279 279.0 9.099452534999728
