50 50.0 0.4949403400023584
128 131.0 5.256186277001689
217 220.33333333333334 4.753801333004958
305 323.6666666666667 11.596749347001605
