49 50.333333333333336 0.1457947110029636
125 130.13333333333333 3.9594047810023767
213 219.76666666666668 3.255062342999736
270 312.03333333333336 8.398995518000447
